Summary
Reference Hash: 862C4D62-C99A4BFA-C208B597-178D8BEB-B593B3BF-EB281A19-7984526B-4EACE22E
CRs with diffs: 0/1
No CRs are missing from the cluster
No CRs are unmatched to reference CRs
