**********************************

Cluster CR: v1_Namespace_openshift-storage
Reference File: namespace.yaml
Diff Output: diff -u -N TEMP/v1_namespace_openshift-storage TEMP/v1_namespace_openshift-storage
--- TEMP/v1_namespace_openshift-storage	DATE
+++ TEMP/v1_namespace_openshift-storage	DATE
@@ -6,11 +6,10 @@
     openshift.io/sa.scc.supplemental-groups: 1000840000/10000
     openshift.io/sa.scc.uid-range: 1000840000/10000
     reclaimspace.csiaddons.openshift.io/schedule: '@weekly'
-    workload.openshift.io/allowed: management
   labels:
     kubernetes.io/metadata.name: openshift-storage
     olm.operatorgroup.uid/ffcf3f2d-3e37-4772-97bc-983cdfce128b: ""
-    openshift.io/cluster-monitoring: "true"
+    openshift.io/cluster-monitoring: "false"
     pod-security.kubernetes.io/audit: privileged
     pod-security.kubernetes.io/audit-version: v1.24
     pod-security.kubernetes.io/warn: privileged

**********************************

Summary
Reference Hash: 5ED77B7C-2556CDFE-67DC06B3-BBAA261C-3A0CB6CC-655D9F89-AF4B50D0-906EF27F
CRs with diffs: 1/1
No CRs are missing from the cluster
No CRs are unmatched to reference CRs
