Summary
Reference Hash: 78FBDCEA-C98E7178-9A88C264-472D2459-F055C63F-40F9B9B6-12A2BA01-00B60E0E
CRs with diffs: 0/1
CRs in reference missing from the cluster: 5
ExamplePart1:
  Dashboard1:
  - cm.yaml
  Dashboard2:
  - deploymentDashboard.yaml
  - deploymentMetrics.yaml
ExamplePart2:
  Dashboard1:
  - cr.yaml
  Dashboard2:
  - crb.yaml
No CRs are unmatched to reference CRs
