**********************************

Cluster CR: apps/v1_Deployment_kubernetes-dashboard_kubernetes-dashboard
Reference File: dir/deploymentMetrics.yaml
Diff Output: diff -u -N TEMP/apps-v1_deployment_kubernetes-dashboard_kubernetes-dashboard TEMP/apps-v1_deployment_kubernetes-dashboard_kubernetes-dashboard
--- TEMP/apps-v1_deployment_kubernetes-dashboard_kubernetes-dashboard	DATE
+++ TEMP/apps-v1_deployment_kubernetes-dashboard_kubernetes-dashboard	DATE
@@ -2,19 +2,19 @@
 kind: Deployment
 metadata:
   labels:
-    k8s-app: dashboard-metrics-scraper
-  name: dashboard-metrics-scraper
+    k8s-app: kubernetes-dashboard
+  name: kubernetes-dashboard
   namespace: kubernetes-dashboard
 spec:
   replicas: 1
   revisionHistoryLimit: 10
   selector:
     matchLabels:
-      k8s-app: dashboard-metrics-scraper
+      k8s-app: kubernetes-dashboard
   template:
     metadata:
       labels:
-        k8s-app: dashboard-metrics-scraper
+        k8s-app: kubernetes-dashboard
     spec:
       containers:
       - args:

**********************************

Summary
Reference Hash: F2225D7C-DEBAA408-3168E41E-959F27A9-FD6D2BF2-59514B0B-B91E9D61-834031E9
CRs with diffs: 1/1
No CRs are missing from the cluster
No CRs are unmatched to reference CRs
