Summary
Reference Hash: 6DC1DE93-2569622A-7EDAC97E-D85C06B1-60A20CD8-20DC25E7-CC481EA7-AB9320F0
CRs with diffs: 0/1
No CRs are missing from the cluster
No CRs are unmatched to reference CRs
