{"Summary":{"RequiredCRS":{},"NumMissing":0,"UnmatchedCRS":[],"NumDiffCRs":1},"Diffs":[{"DiffOutput":"diff -u -N TEMP/v1_pod_liveness-exec TEMP/v1_pod_liveness-exec\n--- TEMP/v1_pod_liveness-exec\tDATE\n+++ TEMP/v1_pod_liveness-exec\tDATE\n@@ -12,10 +12,12 @@\n     - touch /tmp/healthy; sleep 30; rm -f /tmp/healthy; sleep 600\n     image: registry.k8s.io/busybox\n     livenessProbe:\n-      exec:\n-        command:\n-        - cat\n-        - /tmp/healthy\n+      httpGet:\n+        httpHeaders:\n+        - name: Custom-Header\n+          value: Awesome\n+        path: /healthz\n+        port: 8080\n       initialDelaySeconds: 5\n       periodSeconds: 5\n     name: liveness\n","CorrelatedTemplate":"pod.yaml","CRName":"v1_Pod_liveness-exec","Patch":"{\"spec\":{\"containers\":[{\"args\":[\"/bin/sh\",\"-c\",\"touch /tmp/healthy; sleep 30; rm -f /tmp/healthy; sleep 600\"],\"image\":\"registry.k8s.io/busybox\",\"livenessProbe\":{\"httpGet\":{\"httpHeaders\":[{\"name\":\"Custom-Header\",\"value\":\"Awesome\"}],\"path\":\"/healthz\",\"port\":8080},\"initialDelaySeconds\":5,\"periodSeconds\":5},\"name\":\"liveness\"}]}}"}]}
