[{"CRName":"v1_Pod_liveness-exec","Patch":"{\"spec\":{\"containers\":[{\"args\":[\"/bin/sh\",\"-c\",\"touch /tmp/healthy; sleep 30; rm -f /tmp/healthy; sleep 600\"],\"image\":\"registry.k8s.io/busybox\",\"livenessProbe\":{\"httpGet\":{\"httpHeaders\":[{\"name\":\"Custom-Header\",\"value\":\"Awesome\"}],\"path\":\"/healthz\",\"port\":8080},\"initialDelaySeconds\":5,\"periodSeconds\":5},\"name\":\"liveness\"}]}}"}]