Summary
CRs with diffs: 0/3
No validation issues with the cluster
No CRs are unmatched to reference CRs
Metadata Hash: aefa16fbc84fb41ae77b36a53637b0a4e5147ddcbb892d8bfa877080714b4c0e
No patched CRs
