Summary
CRs with diffs: 0/3
No validation issues with the cluster
No CRs are unmatched to reference CRs
Metadata Hash: aec723b5a3f391084f76a8815354719badc5306910b6025df025ed535b6ecead
No patched CRs
