Summary
CRs with diffs: 0/3
No validation issues with the cluster
No CRs are unmatched to reference CRs
Metadata Hash: 8f628171c03544439e58089ab3c89e3adbe1534287e505fde2add79db82cca96
No patched CRs
