**********************************

Cluster CR: v1_ConfigMap_kubernetes-dashboard_kubernetes-dashboard-settings2
Reference File: a/g.yaml
Diff Output: diff -u -N TEMP/v1_configmap_kubernetes-dashboard_kubernetes-dashboard-settings2 TEMP/v1_configmap_kubernetes-dashboard_kubernetes-dashboard-settings2
--- TEMP/v1_configmap_kubernetes-dashboard_kubernetes-dashboard-settings2	DATE
+++ TEMP/v1_configmap_kubernetes-dashboard_kubernetes-dashboard-settings2	DATE
@@ -2,6 +2,6 @@
 kind: ConfigMap
 metadata:
   labels:
-    k8s-app: kubernetes-dashboard
+    k8s-app: kubernetes-dashboard-diff
   name: kubernetes-dashboard-settings2
   namespace: kubernetes-dashboard

**********************************

Summary
Reference Hash: 8E1B8F95-9E83A95D-C6BE446A-EEDF1B1D-BF8E4AD1-DBCF5FFC-1C7220C7-F0F0A1B8
CRs with diffs: 1/1
No CRs are missing from the cluster
No CRs are unmatched to reference CRs
