Summary
CRs with diffs: 0/3
No validation issues with the cluster
No CRs are unmatched to reference CRs
Metadata Hash: b80b0a79f9e28d35f5668c992fac504986bd4bd4e49149f1583c5e12ca340cef
No patched CRs
