Summary
CRs with diffs: 0/0
CRs in reference missing from the cluster: 2
ExamplePart:
  DemonSets:
  - daemon_set_doesnt_exist.yaml
  - cm_doesnt_exist.yaml
No CRs are unmatched to reference CRs
