Summary
CRs with diffs: 0/0
No CRs are missing from the cluster
No CRs are unmatched to reference CRs
