Summary
CRs with diffs: 0/2
No CRs are missing from the cluster
No CRs are unmatched to reference CRs
