error: Reference config isn't in correct format. error: error unmarshaling JSON: while decoding JSON: json: unknown field "default"
error code:2
