More then one template with same apiVersion, metadata_name, metadata_namespace, kind. These templates wont be used for correlation. To use them use different correlator (manual matching) or remove one of them from the reference. Template names are: apps.v1.DaemonSet.kube-system.kindnet.yaml, apps.v1.DaemonSet.kube-system.kindnet.yaml
Summary
Reference Hash: 0DBE62DF-5548451C-D6072EE7-0955F0CA-C837907B-FD704114-D9B24AAD-0BE1301A
CRs with diffs: 0/0
CRs in reference missing from the cluster: 1
ExamplePart:
  DemonSets:
  - apps.v1.DaemonSet.kube-system.kindnet.yaml
Cluster CRs unmatched to reference CRs: 1
- apps/v1_DaemonSet_SomeNS_Name
