error: failed to open template apps.v1.DaemonSet.kube-system.kindnet.yaml: open apps.v1.DaemonSet.kube-system.kindnet.yaml: no such file or directory 
error code:2
