
**********************************

Cluster CR: v1_ConfigMap_kubernetes-dashboard_kubernetes-dashboard-settings
Reference File: cm.yaml
Diff Output: None

**********************************

Summary
CRs with diffs: 0
No CRs are missing from the cluster
No CRs are unmatched to reference CRs
