Summary
Reference Hash: AA78BE4B-C3A2421C-50FF00E4-464636F7-80C55FE1-11AD50DE-89073DA0-CA10B7B2
CRs with diffs: 0/1
No CRs are missing from the cluster
No CRs are unmatched to reference CRs
