**********************************

Cluster CR: v1_Namespace_openshift-storage
Reference File: namespace.yaml
Diff Output: diff -u -N TEMP/v1_namespace_openshift-storage TEMP/v1_namespace_openshift-storage
--- TEMP/v1_namespace_openshift-storage	DATE
+++ TEMP/v1_namespace_openshift-storage	DATE
@@ -6,11 +6,9 @@
     openshift.io/sa.scc.supplemental-groups: 1000840000/10000
     openshift.io/sa.scc.uid-range: 1000840000/10000
     reclaimspace.csiaddons.openshift.io/schedule: '@weekly'
-    workload.openshift.io/allowed: management
   labels:
     kubernetes.io/metadata.name: openshift-storage
     olm.operatorgroup.uid/ffcf3f2d-3e37-4772-97bc-983cdfce128b: ""
-    openshift.io/cluster-monitoring: "true"
     pod-security.kubernetes.io/audit: privileged
     pod-security.kubernetes.io/audit-version: v1.24
     pod-security.kubernetes.io/warn: privileged

**********************************

Summary
Reference Hash: 39C8043D-DB74C8ED-A12C8D11-4E653576-211679CD-2B4CDC9D-CD275567-EE5CA5A9
CRs with diffs: 1/1
No CRs are missing from the cluster
No CRs are unmatched to reference CRs
