{"Summary":{"RequiredCRS":{},"NumMissing":0,"UnmatchedCRS":[],"NumDiffCRs":1},"Diffs":[{"DiffOutput":"diff -u -N TEMP/v1_namespace_openshift-storage TEMP/v1_namespace_openshift-storage\n--- TEMP/v1_namespace_openshift-storage\tDATE\n+++ TEMP/v1_namespace_openshift-storage\tDATE\n@@ -6,11 +6,10 @@\n     openshift.io/sa.scc.supplemental-groups: 1000840000/10000\n     openshift.io/sa.scc.uid-range: 1000840000/10000\n     reclaimspace.csiaddons.openshift.io/schedule: '@weekly'\n-    workload.openshift.io/allowed: management\n   labels:\n     kubernetes.io/metadata.name: openshift-storage\n     olm.operatorgroup.uid/ffcf3f2d-3e37-4772-97bc-983cdfce128b: \"\"\n-    openshift.io/cluster-monitoring: \"true\"\n+    openshift.io/cluster-monitoring: \"false\"\n     pod-security.kubernetes.io/audit: privileged\n     pod-security.kubernetes.io/audit-version: v1.24\n     pod-security.kubernetes.io/warn: privileged\n","CorrelatedTemplate":"namespace.yaml","CRName":"v1_Namespace_openshift-storage","Patch":"{\"metadata\":{\"annotations\":{\"workload.openshift.io/allowed\":null},\"labels\":{\"openshift.io/cluster-monitoring\":\"false\"}}}"}]}
