Summary
Reference Hash: CACDCEA1-81A80573-39E4F562-B49C6F1F-5EA388D5-0D0D0F1D-52537648-78418777
CRs with diffs: 0/11
No CRs are missing from the cluster
No CRs are unmatched to reference CRs
