**********************************

Cluster CR: v1_ConfigMap_kubernetes-dashboard_kubernetes-dashboard-settings
Reference File: cm.yaml
Diff Output: diff -u -N TEMP/v1_configmap_kubernetes-dashboard_kubernetes-dashboard-settings TEMP/v1_configmap_kubernetes-dashboard_kubernetes-dashboard-settings
--- TEMP/v1_configmap_kubernetes-dashboard_kubernetes-dashboard-settings	DATE
+++ TEMP/v1_configmap_kubernetes-dashboard_kubernetes-dashboard-settings	DATE
@@ -2,6 +2,6 @@
 kind: ConfigMap
 metadata:
   labels:
-    k8s-app: kubernetes-dashboardfunction was called successfully from different file
+    k8s-app: kubernetes-dashboard
   name: kubernetes-dashboard-settings
   namespace: kubernetes-dashboard

**********************************

Summary
Reference Hash: DA388D84-635D410F-FD561149-DC78E972-A5271154-144E9F3E-342D96EC-C2D432A2
CRs with diffs: 1/1
No CRs are missing from the cluster
No CRs are unmatched to reference CRs
