Summary
Reference Hash: A49FE4FD-EA9BD80C-DA8E0756-CDF32C99-7A4502B1-027E6E31-FD558FB8-952A305B
CRs with diffs: 0/2
No CRs are missing from the cluster
No CRs are unmatched to reference CRs
