Summary
Reference Hash: 5D17B4EA-1F74C048-31C5BF11-5742B88D-F4632DE2-4DFAE94D-2ADA7501-E95E161D
CRs with diffs: 0/1
No CRs are missing from the cluster
No CRs are unmatched to reference CRs
