{"Summary":{"RequiredCRS":{"ExamplePart":{"Dashboard":["deploymentDashboard.yaml"]}},"NumMissing":1,"UnmatchedCRS":[],"NumDiffCRs":1},"Diffs":[{"DiffOutput":"diff -u -N TEMP/apps-v1_deployment_kubernetes-dashboard_dashboard-metrics-scraper TEMP/apps-v1_deployment_kubernetes-dashboard_dashboard-metrics-scraper\n--- TEMP/apps-v1_deployment_kubernetes-dashboard_dashboard-metrics-scraper\tDATE\n+++ TEMP/apps-v1_deployment_kubernetes-dashboard_dashboard-metrics-scraper\tDATE\n@@ -10,7 +10,7 @@\n   revisionHistoryLimit: 10\n   selector:\n     matchLabels:\n-      k8s-app: dashboard-metrics-scraper\n+      k8s-app: dashboard-metrics-scraper-diff\n   template:\n     metadata:\n       labels:\n","CorrelatedTemplate":"deploymentMetrics.yaml","CRName":"apps/v1_Deployment_kubernetes-dashboard_dashboard-metrics-scraper","Patch":"{\"spec\":{\"selector\":{\"matchLabels\":{\"k8s-app\":\"dashboard-metrics-scraper-diff\"}}}}"}]}
